(node:99237) Warning: The 'NO_COLOR' env is ignored due to the 'FORCE_COLOR' env being set.
(Use `node --trace-warnings ...` to show where the warning was created)
audio: using code-built instruments; download the optional anidoodle sound pack and set ANIDOODLE_SOUNDS=<pack-dir> to use recordings
audio: using code-built instruments; download the optional anidoodle sound pack and set ANIDOODLE_SOUNDS=<pack-dir> to use recordings
audio: using code-built instruments; download the optional anidoodle sound pack and set ANIDOODLE_SOUNDS=<pack-dir> to use recordings
launchExample-modeled: md5 f9c4185f6c42c64ac0610196b5233e89; original/current browser byte identity PASS; offline 0 requests; click 44100 Hz PASS
audio: using code-built instruments; download the optional anidoodle sound pack and set ANIDOODLE_SOUNDS=<pack-dir> to use recordings
audio: using code-built instruments; download the optional anidoodle sound pack and set ANIDOODLE_SOUNDS=<pack-dir> to use recordings
audio: using code-built instruments; download the optional anidoodle sound pack and set ANIDOODLE_SOUNDS=<pack-dir> to use recordings
launchExample-pack: md5 f9c4185f6c42c64ac0610196b5233e89; original/current browser byte identity PASS; offline 0 requests; click 44100 Hz PASS
voices   recordings: none; modeled: chords (marimba), lead (harp), counter (celesta), bass (marimba), kick (kick), snare (snare), ghost (snare), hat (hat)
audio: using code-built instruments; download the optional anidoodle sound pack and set ANIDOODLE_SOUNDS=<pack-dir> to use recordings
voices   recordings: none; modeled: chords (marimba), lead (harp), counter (celesta), bass (marimba), kick (kick), snare (snare), ghost (snare), hat (hat)
audio: using code-built instruments; download the optional anidoodle sound pack and set ANIDOODLE_SOUNDS=<pack-dir> to use recordings
audio: using code-built instruments; download the optional anidoodle sound pack and set ANIDOODLE_SOUNDS=<pack-dir> to use recordings
scoredFilm-modeled: md5 344a1e1d68c265ccca57165c7896ef9b; original/current browser byte identity PASS; offline 0 requests; click 44100 Hz PASS
calibration marimba: median trim 15.85 dB; zone | layer | measured dB | modeled dB | requested dB | applied dB | deviation dB
  marimba/F2_l1_rr1.flac | 1 | -69.90 | -45.11 | 24.79 | 24.79 | 8.95 | FLAG applied >9 dB (includes instrument trim)
  marimba/F2_l2_rr1.flac | 2 | -58.52 | -33.18 | 25.34 | 24.85 | 9.00 | FLAG applied >9 dB (includes instrument trim) | FLAG >9 dB deviation: capped, inspect zone/reference | prefer louder layer
  marimba/F2_l3_rr1.flac | 3 | -53.93 | -27.63 | 26.30 | 24.85 | 9.00 | FLAG applied >9 dB (includes instrument trim) | FLAG >9 dB deviation: capped, inspect zone/reference | prefer louder layer
  marimba/C3_l1_rr1.flac | 1 | -71.48 | -46.02 | 25.46 | 24.85 | 9.00 | FLAG applied >9 dB (includes instrument trim) | FLAG >9 dB deviation: capped, inspect zone/reference | prefer louder layer
  marimba/C3_l2_rr1.flac | 2 | -60.21 | -34.09 | 26.13 | 24.85 | 9.00 | FLAG applied >9 dB (includes instrument trim) | FLAG >9 dB deviation: capped, inspect zone/reference | prefer louder layer
  marimba/C3_l3_rr1.flac | 3 | -48.37 | -28.54 | 19.83 | 19.83 | 3.98 | FLAG applied >9 dB (includes instrument trim)
  marimba/G3_l1_rr1.flac | 1 | -73.61 | -48.44 | 25.17 | 24.85 | 9.00 | FLAG applied >9 dB (includes instrument trim) | FLAG >9 dB deviation: capped, inspect zone/reference | prefer louder layer
  marimba/G3_l2_rr1.flac | 2 | -61.67 | -34.53 | 27.15 | 24.85 | 9.00 | FLAG applied >9 dB (includes instrument trim) | FLAG >9 dB deviation: capped, inspect zone/reference | prefer louder layer
  marimba/G3_l3_rr1.flac | 3 | -51.53 | -28.98 | 22.55 | 22.55 | 6.70 | FLAG applied >9 dB (includes instrument trim)
  marimba/B3_l1_rr1.flac | 1 | -72.12 | -52.17 | 19.94 | 19.94 | 4.09 | FLAG applied >9 dB (includes instrument trim)
  marimba/B3_l2_rr1.flac | 2 | -60.63 | -34.50 | 26.13 | 24.85 | 9.00 | FLAG applied >9 dB (includes instrument trim) | FLAG >9 dB deviation: capped, inspect zone/reference | prefer louder layer
  marimba/B3_l3_rr1.flac | 3 | -52.19 | -28.95 | 23.24 | 23.24 | 7.39 | FLAG applied >9 dB (includes instrument trim)
  marimba/F4_l1_rr1.flac | 1 | -62.36 | -68.98 | -6.62 | 6.85 | -9.00 | FLAG >9 dB deviation: capped, inspect zone/reference
  marimba/F4_l2_rr1.flac | 2 | -56.95 | -37.08 | 19.87 | 19.87 | 4.02 | FLAG applied >9 dB (includes instrument trim)
  marimba/F4_l3_rr1.flac | 3 | -46.74 | -31.53 | 15.21 | 15.21 | -0.64 | FLAG applied >9 dB (includes instrument trim)
  marimba/C5_l1_rr1.flac | 1 | -73.41 | -59.14 | 14.27 | 14.27 | -1.58 | FLAG applied >9 dB (includes instrument trim)
  marimba/C5_l2_rr1.flac | 2 | -60.93 | -40.11 | 20.82 | 20.82 | 4.97 | FLAG applied >9 dB (includes instrument trim)
  marimba/C5_l3_rr1.flac | 3 | -50.72 | -34.56 | 16.17 | 16.17 | 0.32 | FLAG applied >9 dB (includes instrument trim)
  marimba/G5_l1_rr1.flac | 1 | -69.64 | -71.70 | -2.06 | 6.85 | -9.00 | FLAG >9 dB deviation: capped, inspect zone/reference
  marimba/G5_l2_rr1.flac | 2 | -60.15 | -60.37 | -0.22 | 6.85 | -9.00 | FLAG >9 dB deviation: capped, inspect zone/reference
  marimba/G5_l3_rr1.flac | 3 | -50.11 | -36.27 | 13.84 | 13.84 | -2.01 | FLAG applied >9 dB (includes instrument trim)
  marimba/B5_l1_rr1.flac | 1 | -81.12 | -68.05 | 13.07 | 13.07 | -2.78 | FLAG applied >9 dB (includes instrument trim)
  marimba/B5_l2_rr1.flac | 2 | -64.82 | -65.77 | -0.95 | 6.85 | -9.00 | FLAG >9 dB deviation: capped, inspect zone/reference
  marimba/B5_l3_rr1.flac | 3 | -52.24 | -36.71 | 15.53 | 15.53 | -0.32 | FLAG applied >9 dB (includes instrument trim)
  marimba/F6_l1_rr1.flac | 1 | -96.51 | -81.26 | 15.24 | 15.24 | -0.61 | FLAG applied >9 dB (includes instrument trim)
  marimba/F6_l2_rr1.flac | 2 | -73.36 | -58.61 | 14.75 | 14.75 | -1.10 | FLAG applied >9 dB (includes instrument trim)
  marimba/F6_l3_rr1.flac | 3 | -56.30 | -44.72 | 11.59 | 11.59 | -4.26 | FLAG applied >9 dB (includes instrument trim)
  marimba/C7_l1_rr1.flac | 1 | -90.06 | -84.70 | 5.35 | 6.85 | -9.00 | FLAG >9 dB deviation: capped, inspect zone/reference
  marimba/C7_l2_rr1.flac | 2 | -72.10 | -64.71 | 7.40 | 7.40 | -8.45
  marimba/C7_l3_rr1.flac | 3 | -55.33 | -45.56 | 9.77 | 9.77 | -6.08 | FLAG applied >9 dB (includes instrument trim)
calibration harp: median trim -3.29 dB; zone | layer | measured dB | modeled dB | requested dB | applied dB | deviation dB
  harp/E1_l2_rr1.flac | 2 | -51.57 | -42.31 | 9.26 | 5.71 | 9.00 | FLAG >9 dB deviation: capped, inspect zone/reference | prefer louder layer
  harp/G1_l1_rr1.flac | 1 | -73.09 | -53.16 | 19.92 | 5.71 | 9.00 | FLAG >9 dB deviation: capped, inspect zone/reference | prefer louder layer
  harp/G1_l2_rr1.flac | 2 | -52.96 | -42.19 | 10.77 | 5.71 | 9.00 | FLAG >9 dB deviation: capped, inspect zone/reference | prefer louder layer
  harp/B1_l1_rr1.flac | 1 | -58.90 | -55.61 | 3.29 | 3.29 | 6.58
  harp/B1_l2_rr1.flac | 2 | -45.73 | -41.60 | 4.14 | 4.14 | 7.43
  harp/D2_l1_rr1.flac | 1 | -58.67 | -53.87 | 4.80 | 4.80 | 8.09
  harp/D2_l2_rr1.flac | 2 | -43.79 | -41.23 | 2.56 | 2.56 | 5.86
  harp/F2_l1_rr1.flac | 1 | -56.92 | -56.33 | 0.59 | 0.59 | 3.88
  harp/F2_l2_rr1.flac | 2 | -46.94 | -44.68 | 2.25 | 2.25 | 5.55
  harp/A2_l1_rr1.flac | 1 | -51.40 | -56.50 | -5.10 | -5.10 | -1.81
  harp/A2_l2_rr1.flac | 2 | -43.15 | -43.11 | 0.03 | 0.03 | 3.33
  harp/C3_l1_rr1.flac | 1 | -55.06 | -55.58 | -0.52 | -0.52 | 2.77
  harp/C3_l2_rr1.flac | 2 | -41.61 | -44.44 | -2.84 | -2.84 | 0.45
  harp/E3_l1_rr1.flac | 1 | -53.69 | -56.99 | -3.29 | -3.29 | 0.00
  harp/E3_l2_rr1.flac | 2 | -47.59 | -45.66 | 1.93 | 1.93 | 5.22
  harp/G3_l1_rr1.flac | 1 | -45.43 | -54.96 | -9.53 | -9.53 | -6.24 | FLAG applied >9 dB (includes instrument trim)
  harp/G3_l2_rr1.flac | 2 | -40.12 | -43.42 | -3.30 | -3.30 | -0.00
  harp/B3_l1_rr1.flac | 1 | -47.28 | -55.11 | -7.83 | -7.83 | -4.54
  harp/B3_l2_rr1.flac | 2 | -44.81 | -42.71 | 2.11 | 2.11 | 5.40
  harp/D4_l1_rr1.flac | 1 | -47.76 | -58.66 | -10.90 | -10.90 | -7.61 | FLAG applied >9 dB (includes instrument trim)
  harp/D4_l2_rr1.flac | 2 | -42.62 | -45.52 | -2.90 | -2.90 | 0.39
  harp/F4_l1_rr1.flac | 1 | -43.80 | -56.21 | -12.41 | -12.29 | -9.00 | FLAG applied >9 dB (includes instrument trim) | FLAG >9 dB deviation: capped, inspect zone/reference
  harp/F4_l2_rr1.flac | 2 | -40.29 | -45.40 | -5.11 | -5.11 | -1.82
  harp/A4_l1_rr1.flac | 1 | -48.29 | -61.60 | -13.31 | -12.29 | -9.00 | FLAG applied >9 dB (includes instrument trim) | FLAG >9 dB deviation: capped, inspect zone/reference
  harp/A4_l2_rr1.flac | 2 | -42.96 | -47.68 | -4.72 | -4.72 | -1.43
  harp/C5_l1_rr1.flac | 1 | -48.74 | -60.10 | -11.36 | -11.36 | -8.07 | FLAG applied >9 dB (includes instrument trim)
  harp/C5_l2_rr1.flac | 2 | -43.74 | -45.90 | -2.17 | -2.17 | 1.13
  harp/E5_l1_rr1.flac | 1 | -45.39 | -63.62 | -18.23 | -12.29 | -9.00 | FLAG applied >9 dB (includes instrument trim) | FLAG >9 dB deviation: capped, inspect zone/reference
  harp/E5_l2_rr1.flac | 2 | -41.94 | -49.36 | -7.42 | -7.42 | -4.13
  harp/G5_l1_rr1.flac | 1 | -55.57 | -63.86 | -8.30 | -8.30 | -5.00
  harp/G5_l2_rr1.flac | 2 | -51.54 | -48.78 | 2.76 | 2.76 | 6.05
  harp/B5_l1_rr1.flac | 1 | -52.48 | -65.21 | -12.73 | -12.29 | -9.00 | FLAG applied >9 dB (includes instrument trim) | FLAG >9 dB deviation: capped, inspect zone/reference
  harp/B5_l2_rr1.flac | 2 | -53.34 | -52.57 | 0.77 | 0.77 | 4.06
  harp/D6_l1_rr1.flac | 1 | -52.83 | -65.59 | -12.76 | -12.29 | -9.00 | FLAG applied >9 dB (includes instrument trim) | FLAG >9 dB deviation: capped, inspect zone/reference
  harp/D6_l2_rr1.flac | 2 | -45.90 | -53.03 | -7.14 | -7.14 | -3.84
  harp/F6_l1_rr1.flac | 1 | -59.53 | -66.35 | -6.82 | -6.82 | -3.53
  harp/F6_l2_rr1.flac | 2 | -49.03 | -53.76 | -4.73 | -4.73 | -1.44
  harp/A6_l1_rr1.flac | 1 | -58.38 | -66.70 | -8.31 | -8.31 | -5.02
  harp/A6_l2_rr1.flac | 2 | -52.90 | -54.40 | -1.50 | -1.50 | 1.79
  harp/B6_l1_rr1.flac | 1 | -61.85 | -67.03 | -5.18 | -5.18 | -1.89
  harp/B6_l2_rr1.flac | 2 | -48.08 | -54.67 | -6.59 | -6.59 | -3.29
  harp/D7_l1_rr1.flac | 1 | -78.67 | -67.37 | 11.30 | 5.71 | 9.00 | FLAG >9 dB deviation: capped, inspect zone/reference | prefer louder layer
  harp/D7_l2_rr1.flac | 2 | -54.22 | -54.73 | -0.52 | -0.52 | 2.78
  harp/F7_l1_rr1.flac | 1 | -74.73 | -67.45 | 7.29 | 5.71 | 9.00 | FLAG >9 dB deviation: capped, inspect zone/reference | prefer louder layer
  harp/F7_l2_rr1.flac | 2 | -50.99 | -54.94 | -3.95 | -3.95 | -0.65
voices   recordings: chords (marimba, sparse, max shift 3 semitones), lead (harp), bass (marimba, sparse, max shift 3 semitones); modeled: counter (celesta), kick (kick), snare (snare), ghost (snare), hat (hat)
calibration marimba: median trim 15.85 dB; zone | layer | measured dB | modeled dB | requested dB | applied dB | deviation dB
  marimba/F2_l1_rr1.flac | 1 | -69.90 | -45.11 | 24.79 | 24.79 | 8.95 | FLAG applied >9 dB (includes instrument trim)
  marimba/F2_l2_rr1.flac | 2 | -58.52 | -33.18 | 25.34 | 24.85 | 9.00 | FLAG applied >9 dB (includes instrument trim) | FLAG >9 dB deviation: capped, inspect zone/reference | prefer louder layer
  marimba/F2_l3_rr1.flac | 3 | -53.93 | -27.63 | 26.30 | 24.85 | 9.00 | FLAG applied >9 dB (includes instrument trim) | FLAG >9 dB deviation: capped, inspect zone/reference | prefer louder layer
  marimba/C3_l1_rr1.flac | 1 | -71.48 | -46.02 | 25.46 | 24.85 | 9.00 | FLAG applied >9 dB (includes instrument trim) | FLAG >9 dB deviation: capped, inspect zone/reference | prefer louder layer
  marimba/C3_l2_rr1.flac | 2 | -60.21 | -34.09 | 26.13 | 24.85 | 9.00 | FLAG applied >9 dB (includes instrument trim) | FLAG >9 dB deviation: capped, inspect zone/reference | prefer louder layer
  marimba/C3_l3_rr1.flac | 3 | -48.37 | -28.54 | 19.83 | 19.83 | 3.98 | FLAG applied >9 dB (includes instrument trim)
  marimba/G3_l1_rr1.flac | 1 | -73.61 | -48.44 | 25.17 | 24.85 | 9.00 | FLAG applied >9 dB (includes instrument trim) | FLAG >9 dB deviation: capped, inspect zone/reference | prefer louder layer
  marimba/G3_l2_rr1.flac | 2 | -61.67 | -34.53 | 27.15 | 24.85 | 9.00 | FLAG applied >9 dB (includes instrument trim) | FLAG >9 dB deviation: capped, inspect zone/reference | prefer louder layer
  marimba/G3_l3_rr1.flac | 3 | -51.53 | -28.98 | 22.55 | 22.55 | 6.70 | FLAG applied >9 dB (includes instrument trim)
  marimba/B3_l1_rr1.flac | 1 | -72.12 | -52.17 | 19.94 | 19.94 | 4.09 | FLAG applied >9 dB (includes instrument trim)
  marimba/B3_l2_rr1.flac | 2 | -60.63 | -34.50 | 26.13 | 24.85 | 9.00 | FLAG applied >9 dB (includes instrument trim) | FLAG >9 dB deviation: capped, inspect zone/reference | prefer louder layer
  marimba/B3_l3_rr1.flac | 3 | -52.19 | -28.95 | 23.24 | 23.24 | 7.39 | FLAG applied >9 dB (includes instrument trim)
  marimba/F4_l1_rr1.flac | 1 | -62.36 | -68.98 | -6.62 | 6.85 | -9.00 | FLAG >9 dB deviation: capped, inspect zone/reference
  marimba/F4_l2_rr1.flac | 2 | -56.95 | -37.08 | 19.87 | 19.87 | 4.02 | FLAG applied >9 dB (includes instrument trim)
  marimba/F4_l3_rr1.flac | 3 | -46.74 | -31.53 | 15.21 | 15.21 | -0.64 | FLAG applied >9 dB (includes instrument trim)
  marimba/C5_l1_rr1.flac | 1 | -73.41 | -59.14 | 14.27 | 14.27 | -1.58 | FLAG applied >9 dB (includes instrument trim)
  marimba/C5_l2_rr1.flac | 2 | -60.93 | -40.11 | 20.82 | 20.82 | 4.97 | FLAG applied >9 dB (includes instrument trim)
  marimba/C5_l3_rr1.flac | 3 | -50.72 | -34.56 | 16.17 | 16.17 | 0.32 | FLAG applied >9 dB (includes instrument trim)
  marimba/G5_l1_rr1.flac | 1 | -69.64 | -71.70 | -2.06 | 6.85 | -9.00 | FLAG >9 dB deviation: capped, inspect zone/reference
  marimba/G5_l2_rr1.flac | 2 | -60.15 | -60.37 | -0.22 | 6.85 | -9.00 | FLAG >9 dB deviation: capped, inspect zone/reference
  marimba/G5_l3_rr1.flac | 3 | -50.11 | -36.27 | 13.84 | 13.84 | -2.01 | FLAG applied >9 dB (includes instrument trim)
  marimba/B5_l1_rr1.flac | 1 | -81.12 | -68.05 | 13.07 | 13.07 | -2.78 | FLAG applied >9 dB (includes instrument trim)
  marimba/B5_l2_rr1.flac | 2 | -64.82 | -65.77 | -0.95 | 6.85 | -9.00 | FLAG >9 dB deviation: capped, inspect zone/reference
  marimba/B5_l3_rr1.flac | 3 | -52.24 | -36.71 | 15.53 | 15.53 | -0.32 | FLAG applied >9 dB (includes instrument trim)
  marimba/F6_l1_rr1.flac | 1 | -96.51 | -81.26 | 15.24 | 15.24 | -0.61 | FLAG applied >9 dB (includes instrument trim)
  marimba/F6_l2_rr1.flac | 2 | -73.36 | -58.61 | 14.75 | 14.75 | -1.10 | FLAG applied >9 dB (includes instrument trim)
  marimba/F6_l3_rr1.flac | 3 | -56.30 | -44.72 | 11.59 | 11.59 | -4.26 | FLAG applied >9 dB (includes instrument trim)
  marimba/C7_l1_rr1.flac | 1 | -90.06 | -84.70 | 5.35 | 6.85 | -9.00 | FLAG >9 dB deviation: capped, inspect zone/reference
  marimba/C7_l2_rr1.flac | 2 | -72.10 | -64.71 | 7.40 | 7.40 | -8.45
  marimba/C7_l3_rr1.flac | 3 | -55.33 | -45.56 | 9.77 | 9.77 | -6.08 | FLAG applied >9 dB (includes instrument trim)
calibration harp: median trim -3.29 dB; zone | layer | measured dB | modeled dB | requested dB | applied dB | deviation dB
  harp/E1_l2_rr1.flac | 2 | -51.57 | -42.31 | 9.26 | 5.71 | 9.00 | FLAG >9 dB deviation: capped, inspect zone/reference | prefer louder layer
  harp/G1_l1_rr1.flac | 1 | -73.09 | -53.16 | 19.92 | 5.71 | 9.00 | FLAG >9 dB deviation: capped, inspect zone/reference | prefer louder layer
  harp/G1_l2_rr1.flac | 2 | -52.96 | -42.19 | 10.77 | 5.71 | 9.00 | FLAG >9 dB deviation: capped, inspect zone/reference | prefer louder layer
  harp/B1_l1_rr1.flac | 1 | -58.90 | -55.61 | 3.29 | 3.29 | 6.58
  harp/B1_l2_rr1.flac | 2 | -45.73 | -41.60 | 4.14 | 4.14 | 7.43
  harp/D2_l1_rr1.flac | 1 | -58.67 | -53.87 | 4.80 | 4.80 | 8.09
  harp/D2_l2_rr1.flac | 2 | -43.79 | -41.23 | 2.56 | 2.56 | 5.86
  harp/F2_l1_rr1.flac | 1 | -56.92 | -56.33 | 0.59 | 0.59 | 3.88
  harp/F2_l2_rr1.flac | 2 | -46.94 | -44.68 | 2.25 | 2.25 | 5.55
  harp/A2_l1_rr1.flac | 1 | -51.40 | -56.50 | -5.10 | -5.10 | -1.81
  harp/A2_l2_rr1.flac | 2 | -43.15 | -43.11 | 0.03 | 0.03 | 3.33
  harp/C3_l1_rr1.flac | 1 | -55.06 | -55.58 | -0.52 | -0.52 | 2.77
  harp/C3_l2_rr1.flac | 2 | -41.61 | -44.44 | -2.84 | -2.84 | 0.45
  harp/E3_l1_rr1.flac | 1 | -53.69 | -56.99 | -3.29 | -3.29 | 0.00
  harp/E3_l2_rr1.flac | 2 | -47.59 | -45.66 | 1.93 | 1.93 | 5.22
  harp/G3_l1_rr1.flac | 1 | -45.43 | -54.96 | -9.53 | -9.53 | -6.24 | FLAG applied >9 dB (includes instrument trim)
  harp/G3_l2_rr1.flac | 2 | -40.12 | -43.42 | -3.30 | -3.30 | -0.00
  harp/B3_l1_rr1.flac | 1 | -47.28 | -55.11 | -7.83 | -7.83 | -4.54
  harp/B3_l2_rr1.flac | 2 | -44.81 | -42.71 | 2.11 | 2.11 | 5.40
  harp/D4_l1_rr1.flac | 1 | -47.76 | -58.66 | -10.90 | -10.90 | -7.61 | FLAG applied >9 dB (includes instrument trim)
  harp/D4_l2_rr1.flac | 2 | -42.62 | -45.52 | -2.90 | -2.90 | 0.39
  harp/F4_l1_rr1.flac | 1 | -43.80 | -56.21 | -12.41 | -12.29 | -9.00 | FLAG applied >9 dB (includes instrument trim) | FLAG >9 dB deviation: capped, inspect zone/reference
  harp/F4_l2_rr1.flac | 2 | -40.29 | -45.40 | -5.11 | -5.11 | -1.82
  harp/A4_l1_rr1.flac | 1 | -48.29 | -61.60 | -13.31 | -12.29 | -9.00 | FLAG applied >9 dB (includes instrument trim) | FLAG >9 dB deviation: capped, inspect zone/reference
  harp/A4_l2_rr1.flac | 2 | -42.96 | -47.68 | -4.72 | -4.72 | -1.43
  harp/C5_l1_rr1.flac | 1 | -48.74 | -60.10 | -11.36 | -11.36 | -8.07 | FLAG applied >9 dB (includes instrument trim)
  harp/C5_l2_rr1.flac | 2 | -43.74 | -45.90 | -2.17 | -2.17 | 1.13
  harp/E5_l1_rr1.flac | 1 | -45.39 | -63.62 | -18.23 | -12.29 | -9.00 | FLAG applied >9 dB (includes instrument trim) | FLAG >9 dB deviation: capped, inspect zone/reference
  harp/E5_l2_rr1.flac | 2 | -41.94 | -49.36 | -7.42 | -7.42 | -4.13
  harp/G5_l1_rr1.flac | 1 | -55.57 | -63.86 | -8.30 | -8.30 | -5.00
  harp/G5_l2_rr1.flac | 2 | -51.54 | -48.78 | 2.76 | 2.76 | 6.05
  harp/B5_l1_rr1.flac | 1 | -52.48 | -65.21 | -12.73 | -12.29 | -9.00 | FLAG applied >9 dB (includes instrument trim) | FLAG >9 dB deviation: capped, inspect zone/reference
  harp/B5_l2_rr1.flac | 2 | -53.34 | -52.57 | 0.77 | 0.77 | 4.06
  harp/D6_l1_rr1.flac | 1 | -52.83 | -65.59 | -12.76 | -12.29 | -9.00 | FLAG applied >9 dB (includes instrument trim) | FLAG >9 dB deviation: capped, inspect zone/reference
  harp/D6_l2_rr1.flac | 2 | -45.90 | -53.03 | -7.14 | -7.14 | -3.84
  harp/F6_l1_rr1.flac | 1 | -59.53 | -66.35 | -6.82 | -6.82 | -3.53
  harp/F6_l2_rr1.flac | 2 | -49.03 | -53.76 | -4.73 | -4.73 | -1.44
  harp/A6_l1_rr1.flac | 1 | -58.38 | -66.70 | -8.31 | -8.31 | -5.02
  harp/A6_l2_rr1.flac | 2 | -52.90 | -54.40 | -1.50 | -1.50 | 1.79
  harp/B6_l1_rr1.flac | 1 | -61.85 | -67.03 | -5.18 | -5.18 | -1.89
  harp/B6_l2_rr1.flac | 2 | -48.08 | -54.67 | -6.59 | -6.59 | -3.29
  harp/D7_l1_rr1.flac | 1 | -78.67 | -67.37 | 11.30 | 5.71 | 9.00 | FLAG >9 dB deviation: capped, inspect zone/reference | prefer louder layer
  harp/D7_l2_rr1.flac | 2 | -54.22 | -54.73 | -0.52 | -0.52 | 2.78
  harp/F7_l1_rr1.flac | 1 | -74.73 | -67.45 | 7.29 | 5.71 | 9.00 | FLAG >9 dB deviation: capped, inspect zone/reference | prefer louder layer
  harp/F7_l2_rr1.flac | 2 | -50.99 | -54.94 | -3.95 | -3.95 | -0.65
voices   recordings: chords (marimba, sparse, max shift 3 semitones), lead (harp), bass (marimba, sparse, max shift 3 semitones); modeled: counter (celesta), kick (kick), snare (snare), ghost (snare), hat (hat)
scoredFilm-pack: md5 5658bd32a3d2d8276c957d9ccf7c4991; Node/browser sample identity PASS; offline 0 requests; click 48000 Hz PASS
FILM PROOF PASS
