(node:58822) Warning: The 'NO_COLOR' env is ignored due to the 'FORCE_COLOR' env being set.
(Use `node --trace-warnings ...` to show where the warning was created)
spectrum piano: zone | 500 Hz-4 kHz fraction dB | excess over modeled dB
  large.flac | -4.76 | 1.56
calibration piano: median trim -9.49 dB; zone | layer | measured dB | modeled dB | requested dB | applied dB | deviation dB
  large.flac | 1 | -33.43 | -42.92 | -9.49 | -9.49 | 0.00 | FLAG applied >9 dB (includes instrument trim)
PASS large FLAC: 3232702 bytes, 576000 stereo frames loaded without EPIPE
PASS rooms load as stereo float even when no sampled instrument is requested
PASS corrupt room hash, frame count, channels and absolute path rejected before registration
PASS corrupt large FLAC hash: rejected before registration
PASS inherited constructor never becomes a sample-bank lookup
PASS symlink outside the pack is rejected before decode
spectrum piano: zone | 500 Hz-4 kHz fraction dB | excess over modeled dB
  large.flac | -4.76 | 1.56
calibration piano: median trim -9.49 dB; zone | layer | measured dB | modeled dB | requested dB | applied dB | deviation dB
  large.flac | 1 | -33.43 | -42.92 | -9.49 | -9.49 | 0.00 | FLAG applied >9 dB (includes instrument trim)
PASS forced FLAC demuxers decode the exact hashed bytes even after the path changes
PASS room directFrames is loaded and participates in reload identity
PASS music CLI discovers a default install with env and --sounds unset
(node:59481) Warning: The 'NO_COLOR' env is ignored due to the 'FORCE_COLOR' env being set.
(Use `node --trace-warnings ...` to show where the warning was created)
PASS film audio discovers and plays a default install with env unset
(node:66651) Warning: The 'NO_COLOR' env is ignored due to the 'FORCE_COLOR' env being set.
(Use `node --trace-warnings ...` to show where the warning was created)
PASS Windows decoder selection uses absolute PATH binaries, not implicit current-directory lookup
SOUNDS LOADER REVIEW PASS
