modeled marimbaCurious md5 d787a58c5704cf940a4404281e33d07a
modeled harpTender md5 f71a7e20d442d77462ef0b94e4ca8824
modeled nocturne md5 acd240c8adffd25d00ee5279f2c72d3e
no-pack byte identity PASS (all three pieces)
spectrum marimba: zone | 500 Hz-4 kHz fraction dB | excess over modeled dB
  marimba/F2_l1_rr1.flac | -28.34 | 1.98
  marimba/F2_l2_rr1.flac | -14.21 | 16.11
  marimba/F2_l3_rr1.flac | -9.12 | 21.19
  marimba/C3_l1_rr1.flac | -22.37 | 0.97
  marimba/C3_l2_rr1.flac | -8.95 | 14.38
  marimba/C3_l3_rr1.flac | -2.18 | 21.15
  marimba/G3_l1_rr1.flac | -15.89 | 0.48
  marimba/G3_l2_rr1.flac | -12.87 | 3.51
  marimba/G3_l3_rr1.flac | -4.22 | 12.14
  marimba/B3_l1_rr1.flac | -12.50 | 0.02
  marimba/B3_l2_rr1.flac | -11.34 | 1.18
  marimba/B3_l3_rr1.flac | -11.23 | 1.29
  marimba/F4_l1_rr1.flac | -7.17 | -0.03
  marimba/F4_l2_rr1.flac | -7.12 | 0.04
  marimba/F4_l3_rr1.flac | -5.54 | 1.63
  marimba/C5_l1_rr1.flac | -2.63 | 0.01
  marimba/C5_l2_rr1.flac | -2.61 | 0.03
  marimba/C5_l3_rr1.flac | -1.98 | 0.66
  marimba/G5_l1_rr1.flac | -0.67 | -0.01
  marimba/G5_l2_rr1.flac | -0.67 | -0.01
  marimba/G5_l3_rr1.flac | -0.67 | -0.01
  marimba/B5_l1_rr1.flac | -0.37 | -0.09
  marimba/B5_l2_rr1.flac | -0.29 | -0.00
  marimba/B5_l3_rr1.flac | -0.30 | -0.01
  marimba/F6_l1_rr1.flac | -5.73 | -5.60
  marimba/F6_l2_rr1.flac | -0.22 | -0.11
  marimba/F6_l3_rr1.flac | -0.14 | -0.02
  marimba/C7_l1_rr1.flac | -12.60 | -12.34
  marimba/C7_l2_rr1.flac | -0.50 | -0.25
  marimba/C7_l3_rr1.flac | -0.28 | -0.03
calibration marimba: median trim 15.85 dB; zone | layer | measured dB | modeled dB | requested dB | applied dB | deviation dB
  marimba/F2_l1_rr1.flac | 1 | -69.90 | -45.11 | 24.79 | 24.79 | 8.95 | FLAG applied >9 dB (includes instrument trim)
  marimba/F2_l2_rr1.flac | 2 | -58.52 | -33.18 | 25.34 | 24.85 | 9.00 | FLAG applied >9 dB (includes instrument trim) | FLAG >9 dB deviation: capped, inspect zone/reference | prefer louder layer
  marimba/F2_l3_rr1.flac | 3 | -53.93 | -27.63 | 26.30 | 24.85 | 9.00 | FLAG applied >9 dB (includes instrument trim) | FLAG >9 dB deviation: capped, inspect zone/reference | prefer louder layer
  marimba/C3_l1_rr1.flac | 1 | -71.48 | -46.02 | 25.46 | 24.85 | 9.00 | FLAG applied >9 dB (includes instrument trim) | FLAG >9 dB deviation: capped, inspect zone/reference | prefer louder layer
  marimba/C3_l2_rr1.flac | 2 | -60.21 | -34.09 | 26.13 | 24.85 | 9.00 | FLAG applied >9 dB (includes instrument trim) | FLAG >9 dB deviation: capped, inspect zone/reference | prefer louder layer
  marimba/C3_l3_rr1.flac | 3 | -48.37 | -28.54 | 19.83 | 19.83 | 3.98 | FLAG applied >9 dB (includes instrument trim)
  marimba/G3_l1_rr1.flac | 1 | -73.61 | -48.44 | 25.17 | 24.85 | 9.00 | FLAG applied >9 dB (includes instrument trim) | FLAG >9 dB deviation: capped, inspect zone/reference | prefer louder layer
  marimba/G3_l2_rr1.flac | 2 | -61.67 | -34.53 | 27.15 | 24.85 | 9.00 | FLAG applied >9 dB (includes instrument trim) | FLAG >9 dB deviation: capped, inspect zone/reference | prefer louder layer
  marimba/G3_l3_rr1.flac | 3 | -51.53 | -28.98 | 22.55 | 22.55 | 6.70 | FLAG applied >9 dB (includes instrument trim)
  marimba/B3_l1_rr1.flac | 1 | -72.12 | -52.17 | 19.94 | 19.94 | 4.09 | FLAG applied >9 dB (includes instrument trim)
  marimba/B3_l2_rr1.flac | 2 | -60.63 | -34.50 | 26.13 | 24.85 | 9.00 | FLAG applied >9 dB (includes instrument trim) | FLAG >9 dB deviation: capped, inspect zone/reference | prefer louder layer
  marimba/B3_l3_rr1.flac | 3 | -52.19 | -28.95 | 23.24 | 23.24 | 7.39 | FLAG applied >9 dB (includes instrument trim)
  marimba/F4_l1_rr1.flac | 1 | -62.36 | -68.98 | -6.62 | 6.85 | -9.00 | FLAG >9 dB deviation: capped, inspect zone/reference
  marimba/F4_l2_rr1.flac | 2 | -56.95 | -37.08 | 19.87 | 19.87 | 4.02 | FLAG applied >9 dB (includes instrument trim)
  marimba/F4_l3_rr1.flac | 3 | -46.74 | -31.53 | 15.21 | 15.21 | -0.64 | FLAG applied >9 dB (includes instrument trim)
  marimba/C5_l1_rr1.flac | 1 | -73.41 | -59.14 | 14.27 | 14.27 | -1.58 | FLAG applied >9 dB (includes instrument trim)
  marimba/C5_l2_rr1.flac | 2 | -60.93 | -40.11 | 20.82 | 20.82 | 4.97 | FLAG applied >9 dB (includes instrument trim)
  marimba/C5_l3_rr1.flac | 3 | -50.72 | -34.56 | 16.17 | 16.17 | 0.32 | FLAG applied >9 dB (includes instrument trim)
  marimba/G5_l1_rr1.flac | 1 | -69.64 | -71.70 | -2.06 | 6.85 | -9.00 | FLAG >9 dB deviation: capped, inspect zone/reference
  marimba/G5_l2_rr1.flac | 2 | -60.15 | -60.37 | -0.22 | 6.85 | -9.00 | FLAG >9 dB deviation: capped, inspect zone/reference
  marimba/G5_l3_rr1.flac | 3 | -50.11 | -36.27 | 13.84 | 13.84 | -2.01 | FLAG applied >9 dB (includes instrument trim)
  marimba/B5_l1_rr1.flac | 1 | -81.12 | -68.05 | 13.07 | 13.07 | -2.78 | FLAG applied >9 dB (includes instrument trim)
  marimba/B5_l2_rr1.flac | 2 | -64.82 | -65.77 | -0.95 | 6.85 | -9.00 | FLAG >9 dB deviation: capped, inspect zone/reference
  marimba/B5_l3_rr1.flac | 3 | -52.24 | -36.71 | 15.53 | 15.53 | -0.32 | FLAG applied >9 dB (includes instrument trim)
  marimba/F6_l1_rr1.flac | 1 | -96.51 | -81.26 | 15.24 | 15.24 | -0.61 | FLAG applied >9 dB (includes instrument trim)
  marimba/F6_l2_rr1.flac | 2 | -73.36 | -58.61 | 14.75 | 14.75 | -1.10 | FLAG applied >9 dB (includes instrument trim)
  marimba/F6_l3_rr1.flac | 3 | -56.30 | -44.72 | 11.59 | 11.59 | -4.26 | FLAG applied >9 dB (includes instrument trim)
  marimba/C7_l1_rr1.flac | 1 | -90.06 | -84.70 | 5.35 | 6.85 | -9.00 | FLAG >9 dB deviation: capped, inspect zone/reference
  marimba/C7_l2_rr1.flac | 2 | -72.10 | -64.71 | 7.40 | 7.40 | -8.45
  marimba/C7_l3_rr1.flac | 3 | -55.33 | -45.56 | 9.77 | 9.77 | -6.08 | FLAG applied >9 dB (includes instrument trim)
spectrum vibes: zone | 500 Hz-4 kHz fraction dB | excess over modeled dB
  vibes/F3_l1_rr1.flac | -0.50 | 17.87
  vibes/F3_l2_rr1.flac | -0.22 | 18.14
  vibes/F3_l3_rr1.flac | -0.25 | 18.09
  vibes/A3_l1_rr1.flac | -6.97 | 7.44
  vibes/A3_l2_rr1.flac | -0.46 | 13.94
  vibes/A3_l3_rr1.flac | -0.45 | 13.93
  vibes/C4_l1_rr2.flac | -11.54 | 0.05
  vibes/C4_l2_rr1.flac | -3.23 | 8.36
  vibes/C4_l3_rr1.flac | -1.44 | 10.14
  vibes/E4_l1_rr2.flac | -8.00 | -0.02
  vibes/E4_l2_rr1.flac | -4.97 | 3.01
  vibes/E4_l3_rr1.flac | -4.28 | 3.70
  vibes/G4_l1_rr1.flac | -5.63 | -0.02
  vibes/G4_l2_rr1.flac | -5.31 | 0.30
  vibes/G4_l3_rr1.flac | -5.11 | 0.50
  vibes/B4_l1_rr1.flac | -3.12 | 0.01
  vibes/B4_l2_rr1.flac | -3.09 | 0.03
  vibes/B4_l3_rr1.flac | -2.54 | 0.59
  vibes/D5_l1_rr1.flac | -1.83 | -0.00
  vibes/D5_l2_rr1.flac | -1.82 | 0.01
  vibes/D5_l3_rr1.flac | -1.83 | 0.00
  vibes/F5_l1_rr1.flac | -1.01 | -0.00
  vibes/F5_l2_rr1.flac | -1.01 | -0.00
  vibes/F5_l3_rr1.flac | -1.15 | -0.14
  vibes/A5_l1_rr1.flac | -0.43 | 0.00
  vibes/A5_l2_rr1.flac | -0.43 | 0.00
  vibes/A5_l3_rr1.flac | -0.45 | -0.02
  vibes/C6_l1_rr1.flac | -0.23 | 0.00
  vibes/C6_l2_rr1.flac | -0.23 | -0.00
  vibes/C6_l3_rr1.flac | -0.24 | -0.01
  vibes/E6_l1_rr1.flac | -0.12 | -0.00
  vibes/E6_l2_rr1.flac | -0.12 | 0.00
  vibes/E6_l3_rr1.flac | -0.13 | -0.01
calibration vibes: median trim 1.82 dB; zone | layer | measured dB | modeled dB | requested dB | applied dB | deviation dB
  vibes/F3_l1_rr1.flac | 1 | -71.38 | -47.00 | 24.38 | 10.82 | 9.00 | FLAG applied >9 dB (includes instrument trim) | FLAG >9 dB deviation: capped, inspect zone/reference | prefer louder layer
  vibes/F3_l2_rr1.flac | 2 | -45.79 | -35.07 | 10.72 | 10.72 | 8.90 | FLAG applied >9 dB (includes instrument trim)
  vibes/F3_l3_rr1.flac | 3 | -35.88 | -29.52 | 6.36 | 6.36 | 4.54
  vibes/A3_l1_rr1.flac | 1 | -61.21 | -48.58 | 12.62 | 10.82 | 9.00 | FLAG applied >9 dB (includes instrument trim) | FLAG >9 dB deviation: capped, inspect zone/reference | prefer louder layer
  vibes/A3_l2_rr1.flac | 2 | -41.37 | -36.65 | 4.72 | 4.72 | 2.90
  vibes/A3_l3_rr1.flac | 3 | -32.91 | -31.10 | 1.81 | 1.81 | -0.01
  vibes/C4_l1_rr2.flac | 1 | -47.45 | -46.71 | 0.74 | 0.74 | -1.08
  vibes/C4_l2_rr1.flac | 2 | -45.14 | -34.78 | 10.36 | 10.36 | 8.54 | FLAG applied >9 dB (includes instrument trim)
  vibes/C4_l3_rr1.flac | 3 | -35.70 | -29.23 | 6.47 | 6.47 | 4.65
  vibes/E4_l1_rr2.flac | 1 | -45.98 | -50.45 | -4.47 | -4.47 | -6.29
  vibes/E4_l2_rr1.flac | 2 | -41.87 | -37.56 | 4.30 | 4.30 | 2.48
  vibes/E4_l3_rr1.flac | 3 | -38.15 | -32.01 | 6.14 | 6.14 | 4.32
  vibes/G4_l1_rr1.flac | 1 | -50.00 | -51.62 | -1.62 | -1.62 | -3.44
  vibes/G4_l2_rr1.flac | 2 | -45.54 | -37.25 | 8.30 | 8.30 | 6.48
  vibes/G4_l3_rr1.flac | 3 | -40.32 | -31.70 | 8.62 | 8.62 | 6.80
  vibes/B4_l1_rr1.flac | 1 | -52.78 | -49.24 | 3.54 | 3.54 | 1.72
  vibes/B4_l2_rr1.flac | 2 | -42.08 | -37.31 | 4.77 | 4.77 | 2.95
  vibes/B4_l3_rr1.flac | 3 | -36.82 | -31.76 | 5.06 | 5.06 | 3.24
  vibes/D5_l1_rr1.flac | 1 | -48.80 | -69.33 | -20.53 | -7.18 | -9.00 | FLAG >9 dB deviation: capped, inspect zone/reference
  vibes/D5_l2_rr1.flac | 2 | -38.15 | -38.23 | -0.08 | -0.08 | -1.89
  vibes/D5_l3_rr1.flac | 3 | -30.71 | -32.68 | -1.97 | -1.97 | -3.79
  vibes/F5_l1_rr1.flac | 1 | -49.82 | -50.04 | -0.22 | -0.22 | -2.04
  vibes/F5_l2_rr1.flac | 2 | -43.37 | -38.11 | 5.26 | 5.26 | 3.44
  vibes/F5_l3_rr1.flac | 3 | -31.28 | -32.56 | -1.28 | -1.28 | -3.10
  vibes/A5_l1_rr1.flac | 1 | -56.41 | -51.13 | 5.29 | 5.29 | 3.47
  vibes/A5_l2_rr1.flac | 2 | -40.91 | -39.09 | 1.82 | 1.82 | 0.00
  vibes/A5_l3_rr1.flac | 3 | -34.25 | -33.54 | 0.71 | 0.71 | -1.11
  vibes/C6_l1_rr1.flac | 1 | -51.34 | -74.53 | -23.19 | -7.18 | -9.00 | FLAG >9 dB deviation: capped, inspect zone/reference
  vibes/C6_l2_rr1.flac | 2 | -39.52 | -40.02 | -0.50 | -0.50 | -2.32
  vibes/C6_l3_rr1.flac | 3 | -32.04 | -34.48 | -2.44 | -2.44 | -4.26
  vibes/E6_l1_rr1.flac | 1 | -57.27 | -57.49 | -0.22 | -0.22 | -2.04
  vibes/E6_l2_rr1.flac | 2 | -38.49 | -40.28 | -1.79 | -1.79 | -3.61
  vibes/E6_l3_rr1.flac | 3 | -30.64 | -34.73 | -4.10 | -4.10 | -5.92
spectrum harp: zone | 500 Hz-4 kHz fraction dB | excess over modeled dB
  harp/E1_l2_rr1.flac | -11.34 | -2.10
  harp/G1_l1_rr1.flac | -7.16 | 5.38
  harp/G1_l2_rr1.flac | -7.81 | 3.27
  harp/B1_l1_rr1.flac | -11.04 | 1.27
  harp/B1_l2_rr1.flac | -11.60 | 0.14
  harp/D2_l1_rr1.flac | -9.74 | 6.62
  harp/D2_l2_rr1.flac | -9.74 | 5.20
  harp/F2_l1_rr1.flac | -11.81 | -4.16
  harp/F2_l2_rr1.flac | -9.36 | -3.58
  harp/A2_l1_rr1.flac | -11.45 | -3.28
  harp/A2_l2_rr1.flac | -11.08 | -5.77
  harp/C3_l1_rr1.flac | -6.43 | 0.90
  harp/C3_l2_rr1.flac | -7.38 | -1.27
  harp/E3_l1_rr1.flac | -6.53 | 0.81
  harp/E3_l2_rr1.flac | -5.86 | -1.79
  harp/G3_l1_rr1.flac | -10.52 | -5.10
  harp/G3_l2_rr1.flac | -7.61 | -3.28
  harp/B3_l1_rr1.flac | -10.85 | 1.40
  harp/B3_l2_rr1.flac | -8.88 | 2.65
  harp/D4_l1_rr1.flac | -6.60 | -3.67
  harp/D4_l2_rr1.flac | -5.58 | -3.57
  harp/F4_l1_rr1.flac | -6.71 | 0.14
  harp/F4_l2_rr1.flac | -6.52 | -2.88
  harp/A4_l1_rr1.flac | -3.96 | 1.15
  harp/A4_l2_rr1.flac | -3.51 | 1.02
  harp/C5_l1_rr1.flac | -2.67 | 0.47
  harp/C5_l2_rr1.flac | -2.32 | 0.35
  harp/E5_l1_rr1.flac | -1.22 | 3.25
  harp/E5_l2_rr1.flac | -1.06 | 1.40
  harp/G5_l1_rr1.flac | -0.75 | 3.29
  harp/G5_l2_rr1.flac | -0.63 | 0.47
  harp/B5_l1_rr1.flac | -0.36 | 7.19
  harp/B5_l2_rr1.flac | -0.71 | 5.03
  harp/D6_l1_rr1.flac | -0.39 | 7.09
  harp/D6_l2_rr1.flac | -0.33 | 4.85
  harp/F6_l1_rr1.flac | -0.31 | 16.94
  harp/F6_l2_rr1.flac | -0.49 | 14.15
  harp/A6_l1_rr1.flac | -0.56 | 14.07
  harp/A6_l2_rr1.flac | -0.46 | 15.75
  harp/B6_l1_rr1.flac | -0.46 | 19.34
  harp/B6_l2_rr1.flac | -0.39 | 16.31
  harp/D7_l1_rr1.flac | -1.48 | 12.33
  harp/D7_l2_rr1.flac | -0.85 | 9.36
  harp/F7_l1_rr1.flac | -0.82 | 20.80
  harp/F7_l2_rr1.flac | -0.90 | 18.18
calibration harp: median trim -3.29 dB; zone | layer | measured dB | modeled dB | requested dB | applied dB | deviation dB
  harp/E1_l2_rr1.flac | 2 | -51.57 | -42.31 | 9.26 | 5.71 | 9.00 | FLAG >9 dB deviation: capped, inspect zone/reference | prefer louder layer
  harp/G1_l1_rr1.flac | 1 | -73.09 | -53.16 | 19.92 | 5.71 | 9.00 | FLAG >9 dB deviation: capped, inspect zone/reference | prefer louder layer
  harp/G1_l2_rr1.flac | 2 | -52.96 | -42.19 | 10.77 | 5.71 | 9.00 | FLAG >9 dB deviation: capped, inspect zone/reference | prefer louder layer
  harp/B1_l1_rr1.flac | 1 | -58.90 | -55.61 | 3.29 | 3.29 | 6.58
  harp/B1_l2_rr1.flac | 2 | -45.73 | -41.60 | 4.14 | 4.14 | 7.43
  harp/D2_l1_rr1.flac | 1 | -58.67 | -53.87 | 4.80 | 4.80 | 8.09
  harp/D2_l2_rr1.flac | 2 | -43.79 | -41.23 | 2.56 | 2.56 | 5.86
  harp/F2_l1_rr1.flac | 1 | -56.92 | -56.33 | 0.59 | 0.59 | 3.88
  harp/F2_l2_rr1.flac | 2 | -46.94 | -44.68 | 2.25 | 2.25 | 5.55
  harp/A2_l1_rr1.flac | 1 | -51.40 | -56.50 | -5.10 | -5.10 | -1.81
  harp/A2_l2_rr1.flac | 2 | -43.15 | -43.11 | 0.03 | 0.03 | 3.33
  harp/C3_l1_rr1.flac | 1 | -55.06 | -55.58 | -0.52 | -0.52 | 2.77
  harp/C3_l2_rr1.flac | 2 | -41.61 | -44.44 | -2.84 | -2.84 | 0.45
  harp/E3_l1_rr1.flac | 1 | -53.69 | -56.99 | -3.29 | -3.29 | 0.00
  harp/E3_l2_rr1.flac | 2 | -47.59 | -45.66 | 1.93 | 1.93 | 5.22
  harp/G3_l1_rr1.flac | 1 | -45.43 | -54.96 | -9.53 | -9.53 | -6.24 | FLAG applied >9 dB (includes instrument trim)
  harp/G3_l2_rr1.flac | 2 | -40.12 | -43.42 | -3.30 | -3.30 | -0.00
  harp/B3_l1_rr1.flac | 1 | -47.28 | -55.11 | -7.83 | -7.83 | -4.54
  harp/B3_l2_rr1.flac | 2 | -44.81 | -42.71 | 2.11 | 2.11 | 5.40
  harp/D4_l1_rr1.flac | 1 | -47.76 | -58.66 | -10.90 | -10.90 | -7.61 | FLAG applied >9 dB (includes instrument trim)
  harp/D4_l2_rr1.flac | 2 | -42.62 | -45.52 | -2.90 | -2.90 | 0.39
  harp/F4_l1_rr1.flac | 1 | -43.80 | -56.21 | -12.41 | -12.29 | -9.00 | FLAG applied >9 dB (includes instrument trim) | FLAG >9 dB deviation: capped, inspect zone/reference
  harp/F4_l2_rr1.flac | 2 | -40.29 | -45.40 | -5.11 | -5.11 | -1.82
  harp/A4_l1_rr1.flac | 1 | -48.29 | -61.60 | -13.31 | -12.29 | -9.00 | FLAG applied >9 dB (includes instrument trim) | FLAG >9 dB deviation: capped, inspect zone/reference
  harp/A4_l2_rr1.flac | 2 | -42.96 | -47.68 | -4.72 | -4.72 | -1.43
  harp/C5_l1_rr1.flac | 1 | -48.74 | -60.10 | -11.36 | -11.36 | -8.07 | FLAG applied >9 dB (includes instrument trim)
  harp/C5_l2_rr1.flac | 2 | -43.74 | -45.90 | -2.17 | -2.17 | 1.13
  harp/E5_l1_rr1.flac | 1 | -45.39 | -63.62 | -18.23 | -12.29 | -9.00 | FLAG applied >9 dB (includes instrument trim) | FLAG >9 dB deviation: capped, inspect zone/reference
  harp/E5_l2_rr1.flac | 2 | -41.94 | -49.36 | -7.42 | -7.42 | -4.13
  harp/G5_l1_rr1.flac | 1 | -55.57 | -63.86 | -8.30 | -8.30 | -5.00
  harp/G5_l2_rr1.flac | 2 | -51.54 | -48.78 | 2.76 | 2.76 | 6.05
  harp/B5_l1_rr1.flac | 1 | -52.48 | -65.21 | -12.73 | -12.29 | -9.00 | FLAG applied >9 dB (includes instrument trim) | FLAG >9 dB deviation: capped, inspect zone/reference
  harp/B5_l2_rr1.flac | 2 | -53.34 | -52.57 | 0.77 | 0.77 | 4.06
  harp/D6_l1_rr1.flac | 1 | -52.83 | -65.59 | -12.76 | -12.29 | -9.00 | FLAG applied >9 dB (includes instrument trim) | FLAG >9 dB deviation: capped, inspect zone/reference
  harp/D6_l2_rr1.flac | 2 | -45.90 | -53.03 | -7.14 | -7.14 | -3.84
  harp/F6_l1_rr1.flac | 1 | -59.53 | -66.35 | -6.82 | -6.82 | -3.53
  harp/F6_l2_rr1.flac | 2 | -49.03 | -53.76 | -4.73 | -4.73 | -1.44
  harp/A6_l1_rr1.flac | 1 | -58.38 | -66.70 | -8.31 | -8.31 | -5.02
  harp/A6_l2_rr1.flac | 2 | -52.90 | -54.40 | -1.50 | -1.50 | 1.79
  harp/B6_l1_rr1.flac | 1 | -61.85 | -67.03 | -5.18 | -5.18 | -1.89
  harp/B6_l2_rr1.flac | 2 | -48.08 | -54.67 | -6.59 | -6.59 | -3.29
  harp/D7_l1_rr1.flac | 1 | -78.67 | -67.37 | 11.30 | 5.71 | 9.00 | FLAG >9 dB deviation: capped, inspect zone/reference | prefer louder layer
  harp/D7_l2_rr1.flac | 2 | -54.22 | -54.73 | -0.52 | -0.52 | 2.78
  harp/F7_l1_rr1.flac | 1 | -74.73 | -67.45 | 7.29 | 5.71 | 9.00 | FLAG >9 dB deviation: capped, inspect zone/reference | prefer louder layer
  harp/F7_l2_rr1.flac | 2 | -50.99 | -54.94 | -3.95 | -3.95 | -0.65
spectrum piano: zone | 500 Hz-4 kHz fraction dB | excess over modeled dB
  piano/A#0_l1_rr1.flac | -11.23 | 9.57
  piano/A#0_l1_rr1_sus.flac | -7.64 | 13.17
  piano/A#0_l2_rr1.flac | -6.96 | 8.72
  piano/A#0_l2_rr1_sus.flac | -6.75 | 8.93
  piano/A#0_l3_rr1.flac | -5.91 | 0.76
  piano/A#0_l3_rr1_sus.flac | -5.89 | 0.78
  piano/D1_l1_rr1.flac | -14.02 | 4.87
  piano/D1_l1_rr1_sus.flac | -7.77 | 11.12
  piano/D1_l2_rr1.flac | -7.94 | 7.92
  piano/D1_l2_rr1_sus.flac | -6.89 | 8.96
  piano/D1_l3_rr1.flac | -7.72 | 2.07
  piano/D1_l3_rr1_sus.flac | -6.72 | 3.07
  piano/F#1_l1_rr1.flac | -17.07 | -0.94
  piano/F#1_l1_rr1_sus.flac | -6.33 | 9.80
  piano/F#1_l2_rr1.flac | -7.90 | 6.50
  piano/F#1_l2_rr1_sus.flac | -5.36 | 9.04
  piano/F#1_l3_rr1.flac | -6.04 | 2.84
  piano/F#1_l3_rr1_sus.flac | -5.36 | 3.52
  piano/A#1_l1_rr1.flac | -9.27 | 2.09
  piano/A#1_l1_rr1_sus.flac | -4.24 | 7.12
  piano/A#1_l2_rr1.flac | -4.74 | 3.99
  piano/A#1_l2_rr1_sus.flac | -4.02 | 4.71
  piano/A#1_l3_rr1.flac | -4.12 | 0.92
  piano/A#1_l3_rr1_sus.flac | -3.88 | 1.15
  piano/D2_l1_rr1.flac | -13.63 | -5.15
  piano/D2_l1_rr1_sus.flac | -7.44 | 1.04
  piano/D2_l2_rr1.flac | -6.30 | 0.93
  piano/D2_l2_rr1_sus.flac | -7.11 | 0.13
  piano/D2_l3_rr1.flac | -6.13 | -0.85
  piano/D2_l3_rr1_sus.flac | -6.93 | -1.65
  piano/F#2_l1_rr1.flac | -10.32 | -1.51
  piano/F#2_l1_rr1_sus.flac | -8.61 | 0.20
  piano/F#2_l2_rr1.flac | -8.17 | -0.06
  piano/F#2_l2_rr1_sus.flac | -7.58 | 0.53
  piano/F#2_l3_rr1.flac | -6.86 | 0.22
  piano/F#2_l3_rr1_sus.flac | -6.99 | 0.10
  piano/A#2_l1_rr1.flac | -7.77 | -1.16
  piano/A#2_l1_rr1_sus.flac | -6.88 | -0.28
  piano/A#2_l2_rr1.flac | -6.43 | -0.66
  piano/A#2_l2_rr1_sus.flac | -6.34 | -0.57
  piano/A#2_l3_rr1.flac | -5.98 | -1.17
  piano/A#2_l3_rr1_sus.flac | -6.24 | -1.43
  piano/D3_l1_rr1.flac | -8.47 | -2.94
  piano/D3_l1_rr1_sus.flac | -5.44 | 0.09
  piano/D3_l2_rr1.flac | -7.38 | -2.55
  piano/D3_l2_rr1_sus.flac | -4.81 | 0.02
  piano/D3_l3_rr1.flac | -5.48 | -1.59
  piano/D3_l3_rr1_sus.flac | -5.36 | -1.47
  piano/F#3_l1_rr1.flac | -6.88 | -0.22
  piano/F#3_l1_rr1_sus.flac | -5.75 | 0.91
  piano/F#3_l2_rr1.flac | -5.08 | 0.73
  piano/F#3_l2_rr1_sus.flac | -5.42 | 0.39
  piano/F#3_l3_rr1.flac | -4.12 | 0.00
  piano/F#3_l3_rr1_sus.flac | -5.28 | -1.16
  piano/A#3_l1_rr1.flac | -9.73 | -1.60
  piano/A#3_l1_rr1_sus.flac | -5.92 | 2.21
  piano/A#3_l2_rr1.flac | -5.21 | 0.89
  piano/A#3_l2_rr1_sus.flac | -5.00 | 1.10
  piano/A#3_l3_rr1.flac | -3.97 | -0.43
  piano/A#3_l3_rr1_sus.flac | -4.80 | -1.26
  piano/D4_l1_rr1.flac | -6.98 | -0.65
  piano/D4_l1_rr1_sus.flac | -6.97 | -0.64
  piano/D4_l2_rr1.flac | -6.16 | -1.66
  piano/D4_l2_rr1_sus.flac | -6.81 | -2.31
  piano/D4_l3_rr1.flac | -5.54 | -2.29
  piano/D4_l3_rr1_sus.flac | -6.32 | -3.08
  piano/F#4_l1_rr1.flac | -3.87 | 0.42
  piano/F#4_l1_rr1_sus.flac | -4.03 | 0.26
  piano/F#4_l2_rr1.flac | -2.91 | 0.90
  piano/F#4_l2_rr1_sus.flac | -3.43 | 0.37
  piano/F#4_l3_rr1.flac | -2.77 | 0.38
  piano/F#4_l3_rr1_sus.flac | -3.73 | -0.58
  piano/A#4_l1_rr1.flac | -3.51 | -0.06
  piano/A#4_l1_rr1_sus.flac | -3.04 | 0.41
  piano/A#4_l2_rr1.flac | -3.11 | -0.08
  piano/A#4_l2_rr1_sus.flac | -2.88 | 0.14
  piano/A#4_l3_rr1.flac | -2.91 | -0.74
  piano/A#4_l3_rr1_sus.flac | -2.79 | -0.62
  piano/D5_l1_rr1.flac | -1.81 | -0.02
  piano/D5_l1_rr1_sus.flac | -1.57 | 0.21
  piano/D5_l2_rr1.flac | -1.44 | 0.21
  piano/D5_l2_rr1_sus.flac | -1.50 | 0.15
  piano/D5_l3_rr1.flac | -1.45 | -0.16
  piano/D5_l3_rr1_sus.flac | -1.28 | -0.00
  piano/F#5_l1_rr1.flac | -0.88 | -0.07
  piano/F#5_l1_rr1_sus.flac | -0.83 | -0.02
  piano/F#5_l2_rr1.flac | -0.83 | -0.03
  piano/F#5_l2_rr1_sus.flac | -0.83 | -0.02
  piano/F#5_l3_rr1.flac | -0.81 | -0.03
  piano/F#5_l3_rr1_sus.flac | -0.81 | -0.03
  piano/A#5_l1_rr1.flac | -0.38 | -0.04
  piano/A#5_l1_rr1_sus.flac | -0.39 | -0.04
  piano/A#5_l2_rr1.flac | -0.38 | -0.04
  piano/A#5_l2_rr1_sus.flac | -0.41 | -0.06
  piano/A#5_l3_rr1.flac | -0.40 | -0.06
  piano/A#5_l3_rr1_sus.flac | -0.42 | -0.08
  piano/D6_l1_rr1.flac | -0.30 | -0.15
  piano/D6_l1_rr1_sus.flac | -0.26 | -0.10
  piano/D6_l2_rr1.flac | -0.20 | -0.04
  piano/D6_l2_rr1_sus.flac | -0.26 | -0.10
  piano/D6_l3_rr1.flac | -0.22 | -0.06
  piano/D6_l3_rr1_sus.flac | -0.24 | -0.08
  piano/F#6_l1_rr1.flac | -0.13 | -0.02
  piano/F#6_l1_rr1_sus.flac | -0.13 | -0.02
  piano/F#6_l2_rr1.flac | -0.12 | -0.01
  piano/F#6_l2_rr1_sus.flac | -0.13 | -0.01
  piano/F#6_l3_rr1.flac | -0.12 | -0.01
  piano/F#6_l3_rr1_sus.flac | -0.13 | -0.01
  piano/A#6_l1_rr1.flac | -1.35 | -1.17
  piano/A#6_l1_rr1_sus.flac | -0.60 | -0.43
  piano/A#6_l2_rr1.flac | -0.56 | -0.38
  piano/A#6_l2_rr1_sus.flac | -0.44 | -0.26
  piano/A#6_l3_rr1.flac | -0.56 | -0.37
  piano/A#6_l3_rr1_sus.flac | -0.49 | -0.29
  piano/D7_l1_rr1.flac | -0.67 | -0.26
  piano/D7_l1_rr1_sus.flac | -0.45 | -0.04
  piano/D7_l2_rr1.flac | -0.42 | 0.00
  piano/D7_l2_rr1_sus.flac | -0.43 | -0.01
  piano/D7_l3_rr1.flac | -0.42 | 0.06
  piano/D7_l3_rr1_sus.flac | -0.45 | 0.03
  piano/F#7_l1_rr1.flac | -1.23 | -0.19
  piano/F#7_l1_rr1_sus.flac | -1.16 | -0.12
  piano/F#7_l2_rr1.flac | -1.05 | -0.00
  piano/F#7_l2_rr1_sus.flac | -1.07 | -0.03
  piano/F#7_l3_rr1.flac | -1.02 | 0.03
  piano/F#7_l3_rr1_sus.flac | -1.09 | -0.04
calibration piano: median trim -0.34 dB; zone | layer | measured dB | modeled dB | requested dB | applied dB | deviation dB
  piano/A#0_l1_rr1.flac | 1 | -58.02 | -58.27 | -0.25 | -0.25 | 0.09
  piano/A#0_l1_rr1_sus.flac | 1 | -57.44 | -58.27 | -0.83 | -0.83 | -0.49
  piano/A#0_l2_rr1.flac | 2 | -40.43 | -40.46 | -0.03 | -0.03 | 0.30
  piano/A#0_l2_rr1_sus.flac | 2 | -39.89 | -40.46 | -0.57 | -0.57 | -0.24
  piano/A#0_l3_rr1.flac | 3 | -34.52 | -32.54 | 1.98 | 1.98 | 2.31
  piano/A#0_l3_rr1_sus.flac | 3 | -34.24 | -32.54 | 1.70 | 1.70 | 2.04
  piano/D1_l1_rr1.flac | 1 | -58.59 | -57.55 | 1.04 | 1.04 | 1.38
  piano/D1_l1_rr1_sus.flac | 1 | -56.44 | -57.55 | -1.10 | -1.10 | -0.77
  piano/D1_l2_rr1.flac | 2 | -40.59 | -39.10 | 1.49 | 1.49 | 1.82
  piano/D1_l2_rr1_sus.flac | 2 | -38.98 | -39.10 | -0.12 | -0.12 | 0.22
  piano/D1_l3_rr1.flac | 3 | -34.74 | -31.43 | 3.31 | 3.31 | 3.64
  piano/D1_l3_rr1_sus.flac | 3 | -33.12 | -31.43 | 1.69 | 1.69 | 2.02
  piano/F#1_l1_rr1.flac | 1 | -57.11 | -58.08 | -0.98 | -0.98 | -0.64
  piano/F#1_l1_rr1_sus.flac | 1 | -56.17 | -58.08 | -1.91 | -1.91 | -1.58
  piano/F#1_l2_rr1.flac | 2 | -38.81 | -41.29 | -2.47 | -2.47 | -2.14
  piano/F#1_l2_rr1_sus.flac | 2 | -38.87 | -41.29 | -2.41 | -2.41 | -2.08
  piano/F#1_l3_rr1.flac | 3 | -33.23 | -35.64 | -2.41 | -2.41 | -2.07
  piano/F#1_l3_rr1_sus.flac | 3 | -33.28 | -35.64 | -2.36 | -2.36 | -2.02
  piano/A#1_l1_rr1.flac | 1 | -56.14 | -58.74 | -2.60 | -2.60 | -2.27
  piano/A#1_l1_rr1_sus.flac | 1 | -55.52 | -58.74 | -3.22 | -3.22 | -2.88
  piano/A#1_l2_rr1.flac | 2 | -39.30 | -40.76 | -1.46 | -1.46 | -1.13
  piano/A#1_l2_rr1_sus.flac | 2 | -38.00 | -40.76 | -2.76 | -2.76 | -2.42
  piano/A#1_l3_rr1.flac | 3 | -33.76 | -33.51 | 0.25 | 0.25 | 0.58
  piano/A#1_l3_rr1_sus.flac | 3 | -32.46 | -33.51 | -1.05 | -1.05 | -0.72
  piano/D2_l1_rr1.flac | 1 | -58.12 | -57.67 | 0.46 | 0.46 | 0.79
  piano/D2_l1_rr1_sus.flac | 1 | -56.52 | -57.67 | -1.15 | -1.15 | -0.81
  piano/D2_l2_rr1.flac | 2 | -41.14 | -39.58 | 1.55 | 1.55 | 1.89
  piano/D2_l2_rr1_sus.flac | 2 | -39.14 | -39.58 | -0.44 | -0.44 | -0.11
  piano/D2_l3_rr1.flac | 3 | -34.61 | -33.65 | 0.96 | 0.96 | 1.29
  piano/D2_l3_rr1_sus.flac | 3 | -32.72 | -33.65 | -0.93 | -0.93 | -0.60
  piano/F#2_l1_rr1.flac | 1 | -58.32 | -56.84 | 1.49 | 1.49 | 1.82
  piano/F#2_l1_rr1_sus.flac | 1 | -56.02 | -56.84 | -0.82 | -0.82 | -0.49
  piano/F#2_l2_rr1.flac | 2 | -40.52 | -38.90 | 1.62 | 1.62 | 1.95
  piano/F#2_l2_rr1_sus.flac | 2 | -38.61 | -38.90 | -0.29 | -0.29 | 0.05
  piano/F#2_l3_rr1.flac | 3 | -34.81 | -32.77 | 2.04 | 2.04 | 2.38
  piano/F#2_l3_rr1_sus.flac | 3 | -33.48 | -32.77 | 0.71 | 0.71 | 1.04
  piano/A#2_l1_rr1.flac | 1 | -60.79 | -55.56 | 5.23 | 5.23 | 5.57
  piano/A#2_l1_rr1_sus.flac | 1 | -57.78 | -55.56 | 2.22 | 2.22 | 2.56
  piano/A#2_l2_rr1.flac | 2 | -41.84 | -38.38 | 3.46 | 3.46 | 3.80
  piano/A#2_l2_rr1_sus.flac | 2 | -39.50 | -38.38 | 1.12 | 1.12 | 1.46
  piano/A#2_l3_rr1.flac | 3 | -35.67 | -32.51 | 3.16 | 3.16 | 3.49
  piano/A#2_l3_rr1_sus.flac | 3 | -33.27 | -32.51 | 0.76 | 0.76 | 1.09
  piano/D3_l1_rr1.flac | 1 | -61.43 | -55.84 | 5.59 | 5.59 | 5.93
  piano/D3_l1_rr1_sus.flac | 1 | -59.63 | -55.84 | 3.79 | 3.79 | 4.12
  piano/D3_l2_rr1.flac | 2 | -43.16 | -38.63 | 4.53 | 4.53 | 4.87
  piano/D3_l2_rr1_sus.flac | 2 | -41.44 | -38.63 | 2.82 | 2.82 | 3.15
  piano/D3_l3_rr1.flac | 3 | -37.18 | -32.84 | 4.34 | 4.34 | 4.67
  piano/D3_l3_rr1_sus.flac | 3 | -36.26 | -32.84 | 3.42 | 3.42 | 3.75
  piano/F#3_l1_rr1.flac | 1 | -62.28 | -57.20 | 5.07 | 5.07 | 5.41
  piano/F#3_l1_rr1_sus.flac | 1 | -58.59 | -57.20 | 1.39 | 1.39 | 1.72
  piano/F#3_l2_rr1.flac | 2 | -43.93 | -39.76 | 4.17 | 4.17 | 4.51
  piano/F#3_l2_rr1_sus.flac | 2 | -40.92 | -39.76 | 1.16 | 1.16 | 1.50
  piano/F#3_l3_rr1.flac | 3 | -37.80 | -33.31 | 4.49 | 4.49 | 4.82
  piano/F#3_l3_rr1_sus.flac | 3 | -34.69 | -33.31 | 1.38 | 1.38 | 1.71
  piano/A#3_l1_rr1.flac | 1 | -68.00 | -60.56 | 7.44 | 7.44 | 7.78
  piano/A#3_l1_rr1_sus.flac | 1 | -63.12 | -60.56 | 2.56 | 2.56 | 2.89
  piano/A#3_l2_rr1.flac | 2 | -48.92 | -42.24 | 6.68 | 6.68 | 7.02
  piano/A#3_l2_rr1_sus.flac | 2 | -45.12 | -42.24 | 2.88 | 2.88 | 3.22
  piano/A#3_l3_rr1.flac | 3 | -43.36 | -34.64 | 8.72 | 8.66 | 9.00 | FLAG >9 dB deviation: capped, inspect zone/reference | prefer louder layer
  piano/A#3_l3_rr1_sus.flac | 3 | -38.24 | -34.64 | 3.60 | 3.60 | 3.94
  piano/D4_l1_rr1.flac | 1 | -63.53 | -61.24 | 2.29 | 2.29 | 2.63
  piano/D4_l1_rr1_sus.flac | 1 | -57.59 | -61.24 | -3.65 | -3.65 | -3.31
  piano/D4_l2_rr1.flac | 2 | -45.48 | -42.85 | 2.64 | 2.64 | 2.97
  piano/D4_l2_rr1_sus.flac | 2 | -39.73 | -42.85 | -3.11 | -3.11 | -2.78
  piano/D4_l3_rr1.flac | 3 | -39.04 | -36.13 | 2.91 | 2.91 | 3.24
  piano/D4_l3_rr1_sus.flac | 3 | -33.87 | -36.13 | -2.26 | -2.26 | -1.92
  piano/F#4_l1_rr1.flac | 1 | -63.10 | -60.23 | 2.87 | 2.87 | 3.21
  piano/F#4_l1_rr1_sus.flac | 1 | -57.25 | -60.23 | -2.98 | -2.98 | -2.64
  piano/F#4_l2_rr1.flac | 2 | -44.99 | -42.34 | 2.65 | 2.65 | 2.99
  piano/F#4_l2_rr1_sus.flac | 2 | -39.74 | -42.34 | -2.60 | -2.60 | -2.27
  piano/F#4_l3_rr1.flac | 3 | -39.12 | -35.85 | 3.27 | 3.27 | 3.61
  piano/F#4_l3_rr1_sus.flac | 3 | -33.68 | -35.85 | -2.17 | -2.17 | -1.84
  piano/A#4_l1_rr1.flac | 1 | -58.99 | -63.21 | -4.22 | -4.22 | -3.89
  piano/A#4_l1_rr1_sus.flac | 1 | -58.91 | -63.21 | -4.30 | -4.30 | -3.96
  piano/A#4_l2_rr1.flac | 2 | -41.72 | -45.27 | -3.55 | -3.55 | -3.21
  piano/A#4_l2_rr1_sus.flac | 2 | -40.17 | -45.27 | -5.10 | -5.10 | -4.77
  piano/A#4_l3_rr1.flac | 3 | -35.91 | -38.24 | -2.33 | -2.33 | -2.00
  piano/A#4_l3_rr1_sus.flac | 3 | -33.85 | -38.24 | -4.39 | -4.39 | -4.06
  piano/D5_l1_rr1.flac | 1 | -64.81 | -63.44 | 1.37 | 1.37 | 1.71
  piano/D5_l1_rr1_sus.flac | 1 | -62.04 | -63.44 | -1.40 | -1.40 | -1.07
  piano/D5_l2_rr1.flac | 2 | -45.40 | -45.61 | -0.21 | -0.21 | 0.13
  piano/D5_l2_rr1_sus.flac | 2 | -44.23 | -45.61 | -1.38 | -1.38 | -1.05
  piano/D5_l3_rr1.flac | 3 | -38.75 | -38.64 | 0.11 | 0.11 | 0.44
  piano/D5_l3_rr1_sus.flac | 3 | -38.76 | -38.64 | 0.11 | 0.11 | 0.45
  piano/F#5_l1_rr1.flac | 1 | -62.11 | -64.67 | -2.57 | -2.57 | -2.23
  piano/F#5_l1_rr1_sus.flac | 1 | -64.32 | -64.67 | -0.35 | -0.35 | -0.01
  piano/F#5_l2_rr1.flac | 2 | -47.93 | -47.12 | 0.80 | 0.80 | 1.14
  piano/F#5_l2_rr1_sus.flac | 2 | -46.08 | -47.12 | -1.05 | -1.05 | -0.71
  piano/F#5_l3_rr1.flac | 3 | -41.74 | -41.09 | 0.66 | 0.66 | 0.99
  piano/F#5_l3_rr1_sus.flac | 3 | -39.76 | -41.09 | -1.33 | -1.33 | -0.99
  piano/A#5_l1_rr1.flac | 1 | -60.72 | -66.65 | -5.93 | -5.93 | -5.59
  piano/A#5_l1_rr1_sus.flac | 1 | -61.88 | -66.65 | -4.77 | -4.77 | -4.44
  piano/A#5_l2_rr1.flac | 2 | -45.51 | -49.09 | -3.57 | -3.57 | -3.24
  piano/A#5_l2_rr1_sus.flac | 2 | -43.71 | -49.09 | -5.38 | -5.38 | -5.04
  piano/A#5_l3_rr1.flac | 3 | -39.76 | -42.97 | -3.21 | -3.21 | -2.88
  piano/A#5_l3_rr1_sus.flac | 3 | -38.49 | -42.97 | -4.49 | -4.49 | -4.15
  piano/D6_l1_rr1.flac | 1 | -70.77 | -67.89 | 2.88 | 2.88 | 3.21
  piano/D6_l1_rr1_sus.flac | 1 | -66.92 | -67.89 | -0.98 | -0.98 | -0.64
  piano/D6_l2_rr1.flac | 2 | -50.52 | -50.37 | 0.15 | 0.15 | 0.48
  piano/D6_l2_rr1_sus.flac | 2 | -49.39 | -50.37 | -0.99 | -0.99 | -0.65
  piano/D6_l3_rr1.flac | 3 | -44.26 | -44.49 | -0.23 | -0.23 | 0.11
  piano/D6_l3_rr1_sus.flac | 3 | -44.12 | -44.49 | -0.36 | -0.36 | -0.03
  piano/F#6_l1_rr1.flac | 1 | -67.60 | -71.97 | -4.37 | -4.37 | -4.04
  piano/F#6_l1_rr1_sus.flac | 1 | -65.71 | -71.97 | -6.27 | -6.27 | -5.93
  piano/F#6_l2_rr1.flac | 2 | -48.81 | -54.42 | -5.61 | -5.61 | -5.27
  piano/F#6_l2_rr1_sus.flac | 2 | -48.19 | -54.42 | -6.23 | -6.23 | -5.89
  piano/F#6_l3_rr1.flac | 3 | -42.92 | -48.48 | -5.56 | -5.56 | -5.23
  piano/F#6_l3_rr1_sus.flac | 3 | -42.48 | -48.48 | -6.00 | -6.00 | -5.66
  piano/A#6_l1_rr1.flac | 1 | -73.40 | -73.72 | -0.32 | -0.32 | 0.01
  piano/A#6_l1_rr1_sus.flac | 1 | -75.02 | -73.72 | 1.30 | 1.30 | 1.64
  piano/A#6_l2_rr1.flac | 2 | -58.46 | -56.13 | 2.32 | 2.32 | 2.66
  piano/A#6_l2_rr1_sus.flac | 2 | -56.19 | -56.13 | 0.06 | 0.06 | 0.40
  piano/A#6_l3_rr1.flac | 3 | -52.99 | -50.16 | 2.83 | 2.83 | 3.17
  piano/A#6_l3_rr1_sus.flac | 3 | -50.09 | -50.16 | -0.07 | -0.07 | 0.27
  piano/D7_l1_rr1.flac | 1 | -74.74 | -78.58 | -3.84 | -3.84 | -3.51
  piano/D7_l1_rr1_sus.flac | 1 | -67.01 | -78.58 | -11.57 | -9.34 | -9.00 | FLAG applied >9 dB (includes instrument trim) | FLAG >9 dB deviation: capped, inspect zone/reference
  piano/D7_l2_rr1.flac | 2 | -53.14 | -60.96 | -7.83 | -7.83 | -7.49
  piano/D7_l2_rr1_sus.flac | 2 | -48.23 | -60.96 | -12.73 | -9.34 | -9.00 | FLAG applied >9 dB (includes instrument trim) | FLAG >9 dB deviation: capped, inspect zone/reference
  piano/D7_l3_rr1.flac | 3 | -47.16 | -54.90 | -7.74 | -7.74 | -7.40
  piano/D7_l3_rr1_sus.flac | 3 | -43.06 | -54.90 | -11.84 | -9.34 | -9.00 | FLAG applied >9 dB (includes instrument trim) | FLAG >9 dB deviation: capped, inspect zone/reference
  piano/F#7_l1_rr1.flac | 1 | -76.25 | -80.65 | -4.41 | -4.41 | -4.07
  piano/F#7_l1_rr1_sus.flac | 1 | -72.43 | -80.65 | -8.22 | -8.22 | -7.89
  piano/F#7_l2_rr1.flac | 2 | -56.35 | -62.99 | -6.64 | -6.64 | -6.30
  piano/F#7_l2_rr1_sus.flac | 2 | -54.64 | -62.99 | -8.36 | -8.36 | -8.02
  piano/F#7_l3_rr1.flac | 3 | -50.56 | -56.95 | -6.39 | -6.39 | -6.06
  piano/F#7_l3_rr1_sus.flac | 3 | -48.01 | -56.95 | -8.94 | -8.94 | -8.61
voices   recordings: ostinato (marimba, sparse, max shift 3 semitones), hook (marimba, sparse, max shift 3 semitones), low (marimba, sparse, max shift 3 semitones), halo (vibes); modeled: none
marimbaCurious: masking PASS 100% worst 5.348 dB; balance 0.721 dB PASS
voices   recordings: arp (harp), melody (harp); modeled: none
harpTender: masking PASS 100% worst 10.461 dB; balance 0.771 dB PASS
voices   recordings: rh (piano), lh (piano); modeled: none
nocturne: masking PASS 81.25% worst 1.259 dB; balance 1.605 dB PASS
(node:60318) Warning: The 'NO_COLOR' env is ignored due to the 'FORCE_COLOR' env being set.
(Use `node --trace-warnings ...` to show where the warning was created)
